# =============================================================================
#  Lista única de pacotes – instalados pelo install.sh (yay).
# =============================================================================

# --------------------------------------------------- // Audio
libdbusmenu-gtk3                  # dbus menu for gtk3
pavucontrol-qt                    # PulseAudio volume control (Qt)
pipewire-pulse                    # PipeWire PulseAudio compatibility
playerctl                         # media player control (play/pause/next)
wireplumber                       # session manager for PipeWire

# --------------------------------------------------- // Backlight / display
brightnessctl                     # screen backlight control
ddcutil                           # DDC/CI monitor control

# --------------------------------------------------- // Basic
bc                                # arbitrary precision calculator
cliphist                          # clipboard history (Wayland)
cmake                             # build system
coreutils                         # GNU core utilities
curl                              # URL transfer tool
go-yq                             # YAML processor (jq for YAML)
jq                                # JSON processor
ripgrep                           # fast recursive grep
rsync                             # file sync over network
wget                              # download files
xdg-user-dirs                     # user dirs (Desktop, Documents, etc.)

# --------------------------------------------------- // Fonts & themes
adw-gtk-theme-git                 # libadwaita theme for GTK3
bibata-cursor-theme               # cursor theme
fontconfig                        # font configuration
gtk4                              # GTK4 toolkit
libadwaita                        # GNOME design library (GTK4)
otf-space-grotesk                 # Space Grotesk font
ttf-cascadia-code-nerd            # coding font (Nerd Font)
ttf-jetbrains-mono-nerd           # JetBrains Mono (Nerd Font)
ttf-material-symbols-variable-git # Material Symbols icons
ttf-readex-pro                    # Readex Pro font
ttf-rubik-vf                      # Rubik variable font
ttf-twemoji                       # Twitter/Unicode emoji font

# --------------------------------------------------- // Hyprland
hyprland                          # Wayland compositor
wl-clipboard                      # Wayland clipboard (wl-copy/wl-paste)
udiskie                           # removable media + tray (udisks2); was in old hyprland.conf
xorg-setxkbmap                    # setxkbmap — XWayland / intl sync (old dotfiles + current exec-once)
libayatana-appindicator           # GTK StatusNotifier tray (udiskie, solaar, nm-applet, blueman on Wayland)
network-manager-applet            # nm-applet --indicator (bar tray; donwaztok status network/wifi off)
blueman                           # blueman-applet (bar tray; donwaztok status bluetooth off)

# --------------------------------------------------- // GNOME / system
gnome-keyring                     # password and key storage
gnome-control-center              # Settings (donwaztok utilities, replaces KDE kcm_*)
gnome-system-monitor              # task manager (donwaztok apps.taskManager)
networkmanager                    # network management
polkit-gnome                      # Polkit authentication agent (hypr exec-once)
sddm                              # display manager (login; independent of KDE apps)

# --------------------------------------------------- // XDG portals
xdg-desktop-portal                # desktop integration portal
xdg-desktop-portal-gtk            # GTK portal backend
xdg-desktop-portal-hyprland       # Hyprland portal
# xdg-desktop-portal-kde          # optional; FileChooser uses gtk (hyprland-portals.conf)

# --------------------------------------------------- // Python / build
clang                             # C/C++ compiler (LLVM)
gobject-introspection             # GObject introspection
libportal-gtk4                    # flatpak portal lib (GTK4)
libsoup3                          # HTTP client/server library
uv                                # fast Python package installer

# --------------------------------------------------- // Screenshot / capture
hyprshot                          # Hyprland screenshot tool
slurp                             # region selector (Wayland)
swappy                            # screenshot annotation
tesseract                         # OCR engine
tesseract-data-eng                # English language data for Tesseract
wf-recorder                       # Wayland screen recorder

# --------------------------------------------------- // Toolkit
upower                            # power management (battery, etc.)
wtype                             # Wayland keyboard input (xdotool-like)
ydotool                           # keyboard/mouse automation

# --------------------------------------------------- // Widgets / launcher
fuzzel                            # Wayland app launcher (rofi-like)
glib2                             # GLib library
hypridle                          # Hyprland idle daemon
hyprlock                          # Hyprland lock screen
hyprpicker                        # Hyprland color picker
imagemagick                       # image manipulation
libqalculate                      # calculator library
quickshell-git                    # Hyprland widget/bar
wlogout                           # Wayland logout screen

# --------------------------------------------------- // Applications
cursor-bin                        # Cursor IDE
eog                               # Eye of GNOME (image viewer)
kitty                             # GPU-accelerated terminal
nautilus                          # GNOME file manager
solaar                            # Logitech device manager (battery, etc.)
thunderbird                       # email client
zapzap                            # WhatsApp client
zen-browser-bin                   # privacy-focused browser (Firefox fork)

# --------------------------------------------------- // Shell
eza                               # modern ls (colors, git status)
fastfetch                         # system info (neofetch-like)
pokeget                           # Pokemon sprites in terminal
starship                          # shell prompt
zsh                               # Z shell
